// Jest Snapshot v1, https://goo.gl/fbAQLP

exports[`Login Component Tests matches the UI snapshot 1`] = `
<div>
  <div
    class="auth-page"
  >
    <div
      class="auth-card"
    >
      <div
        class="auth-header"
      >
        <img
          alt="Logo"
          height="36"
          src="logo.jpeg"
        />
      </div>
      <h2
        class="auth-title"
      >
        Sign In Form
      </h2>
      <form>
        <div
          class="mb-3 mb-3"
        >
          <label
            class="auth-label form-label"
          >
            Email
          </label>
          <input
            autocomplete="off"
            class="auth-input "
            name="email"
            placeholder="example@mail.com"
            type="text"
          />
        </div>
        <div
          class="mb-2 mb-3"
        >
          <label
            class="auth-label form-label"
          >
            Password
          </label>
          <input
            autocomplete="off"
            class="auth-input "
            name="password"
            placeholder="Enter your password"
            type="password"
          />
        </div>
        <div
          class="auth-actions"
        >
          <button
            class="auth-btn-primary w-100 btn btn-secondary"
            type="submit"
          >
            Sign In
          </button>
        </div>
        <div
          class="auth-footer"
        >
          No account? 
          <a
            href="/register"
          >
            Sign Up
          </a>
        </div>
      </form>
    </div>
  </div>
</div>
`;
